$ next build
▲ Next.js 16.1.1 (Turbopack)
- Environments: .env

  Creating an optimized production build ...
✓ Compiled successfully in 59s
  Running TypeScript ...
  Collecting page data using 7 workers ...
[dotenv@17.2.3] injecting env (0) from .env -- tip: 🔐 prevent committing .env to code: https://dotenvx.com/precommit
[dotenv@17.2.3] injecting env (0) from .env -- tip: 🔐 prevent committing .env to code: https://dotenvx.com/precommit
[dotenv@17.2.3] injecting env (0) from .env -- tip: ⚙️  write to custom object with { processEnv: myObject }
[dotenv@17.2.3] injecting env (0) from .env -- tip: 🔑 add access controls to secrets: https://dotenvx.com/ops
[dotenv@17.2.3] injecting env (0) from .env -- tip: 🔐 encrypt with Dotenvx: https://dotenvx.com
[dotenv@17.2.3] injecting env (0) from .env -- tip: 🔐 prevent committing .env to code: https://dotenvx.com/precommit
[dotenv@17.2.3] injecting env (0) from .env -- tip: 🔐 prevent committing .env to code: https://dotenvx.com/precommit
[dotenv@17.2.3] injecting env (0) from .env -- tip: ⚙️  suppress all logs with { quiet: true }
[dotenv@17.2.3] injecting env (0) from .env -- tip: 👥 sync secrets across teammates & machines: https://dotenvx.com/ops
[dotenv@17.2.3] injecting env (0) from .env -- tip: 🔐 encrypt with Dotenvx: https://dotenvx.com
[dotenv@17.2.3] injecting env (0) from .env -- tip: 📡 add observability to secrets: https://dotenvx.com/ops
[dotenv@17.2.3] injecting env (0) from .env -- tip: 🔐 encrypt with Dotenvx: https://dotenvx.com
[dotenv@17.2.3] injecting env (0) from .env -- tip: ✅ audit secrets and track compliance: https://dotenvx.com/ops
[dotenv@17.2.3] injecting env (0) from .env -- tip: 🛠️  run anywhere with `dotenvx run -- yourcommand`
  Generating static pages using 7 workers (0/29) ...
  Generating static pages using 7 workers (7/29) 
  Generating static pages using 7 workers (14/29) 
  Generating static pages using 7 workers (21/29) 
✓ Generating static pages using 7 workers (29/29) in 859.7ms
  Finalizing page optimization ...

Route (app)
┌ ○ /
├ ○ /_not-found
├ ƒ /api/accept-invitation/[invitationId]
├ ƒ /api/auth/[...all]
├ ƒ /api/links
├ ƒ /api/track
├ ƒ /api/website
├ ƒ /api/website/[id]
├ ƒ /api/website/[id]/analytics
├ ƒ /api/website/[id]/reset
├ ƒ /dashboard
├ ƒ /dashboard/[id]
├ ƒ /dashboard/[id]/edit
├ ƒ /dashboard/links
├ ƒ /dashboard/links/new
├ ƒ /dashboard/new
├ ƒ /dashboard/settings
├ ƒ /dashboard/settings/account
├ ƒ /dashboard/settings/billing
├ ƒ /dashboard/settings/data
├ ƒ /dashboard/settings/keys
├ ƒ /dashboard/settings/notifications
├ ƒ /dashboard/settings/reports
├ ƒ /dashboard/settings/support
├ ƒ /dashboard/settings/teams
├ ƒ /dashboard/settings/usage
├ ○ /docs
├ ○ /features
├ ○ /forgot-password
├ ƒ /login
├ ○ /pricing
├ ○ /privacy
├ ○ /reset-password
├ ƒ /signup
└ ○ /terms


○  (Static)   prerendered as static content
ƒ  (Dynamic)  server-rendered on demand

